---
To: me@example.com
Cc: someone@example.com, else@example.com
Subject: This is a test subject
---

Mock content
