---
To: me@example.com
Subject: This is a test subject
---

Mock content
