---
To: you@example.com
From: me@example.com
Subject: testing
---

such long mock body
